1
5
7
8
9
0
2
3
4
4
-2
-2
2
0
0
0
0
0
2147483647
32768
32767
1
0
-2147483647
-32768
-32767
-1
0
-2147483648
-32768
-32768
-1
1
