bigger
not bigger
not bigger
not smaller
not smaller
smaller
bigger or equal
bigger or equal
not bigger or equal
not smaller or equal
smaller or equal
smaller or equal
bigger
not smaller
bigger or equal
not smaller or equal
not equal
equal
not equal
not equal
equal
not equal
110
321
110
112
smaller
smaller
abcdefghij
15
90
-90
1000
10
0
-10
true
false
false
false
true
true
true
false
true
false
false
true
