 a aa aaa aaaa aaaaa
 bb bbbb bbbbbb bbbbbbbb bbbbbbbbbb
 c cc ccc
