Unknown character "|" :
9 |     b = x == y | y == x;
  |                ^
Parse aborted due to above error from lexer.
